
> build
> vite build

node.exe : [33mThe plugin "vite-tsconfig-paths" is detected. Vite now 
supports tsconfig paths resolution natively via the 
[1mresolve.tsconfigPaths[22m option. You can remove the plugin and set 
[1mresolve.tsconfigPaths: true[22m in your Vite config instead.[39m
At line:1 char:1
+ & "C:\Program Files\nodejs/node.exe" "C:\Program Files\nodejs/node_mo ...
+ ~~~~~~~~~~~~~~~~~~~~~~~~~~~~~~~~~~~~~~~~~~~~~~~~~~~~~~~~~~~~~~~~~~~~~
    + CategoryInfo          : NotSpecified: ([33mThe plugin...g instead.[39m 
   :String) [], RemoteException
    + FullyQualifiedErrorId : NativeCommandError
 
[36mvite v8.0.16 [32mbuilding client environment for production...[36m[39m
[2K
transforming...Γ£ô 2940 modules transformed.
rendering chunks...
computing gzip size...
.output/public/assets/plus-jakarta-sans-vietnamese-wght-normal-qRpaaN48.woff2    8.35 kB
.output/public/assets/inter-vietnamese-wght-normal-CBcvBZtf.woff2               10.25 kB
.output/public/assets/inter-greek-ext-wght-normal-DlzME5K_.woff2                11.23 kB
.output/public/assets/inter-cyrillic-wght-normal-DqGufNeO.woff2                 18.74 kB
.output/public/assets/inter-greek-wght-normal-CkhJZR-_.woff2                    18.99 kB
.output/public/assets/plus-jakarta-sans-latin-ext-wght-normal-DmpS2jIq.woff2    21.72 kB
.output/public/assets/inter-cyrillic-ext-wght-normal-BOeWTOD4.woff2             25.96 kB
.output/public/assets/plus-jakarta-sans-latin-wght-normal-eXO_dkmS.woff2        27.34 kB
.output/public/assets/inter-latin-wght-normal-Dx4kXJAl.woff2                    48.25 kB
.output/public/assets/inter-latin-ext-wght-normal-DO1Apj_S.woff2                85.06 kB
.output/public/assets/styles-B2MD88bR.css                                      100.16 kB Γöé gzip:  18.09 kB
.output/public/assets/trending-up-B1eLjusC.js                                    0.16 kB Γöé gzip:   0.16 kB
.output/public/assets/lock-ChZYp9t5.js                                           0.19 kB Γöé gzip:   0.18 kB
.output/public/assets/triangle-alert-yIsCQ0Wt.js                                 0.25 kB Γöé gzip:   0.20 kB
.output/public/assets/shield-CuSpmNlR.js                                         0.26 kB Γöé gzip:   0.22 kB
.output/public/assets/circle-check-D6gQN-Ws.js                                   0.28 kB Γöé gzip:   0.22 kB
.output/public/assets/users-B_BL2H8_.js                                          0.46 kB Γöé gzip:   0.29 kB
.output/public/assets/insights-Cwy4pzNT.js                                       3.16 kB Γöé gzip:   1.52 kB
.output/public/assets/ledger-CnSrMC-y.js                                         4.45 kB Γöé gzip:   1.69 kB
.output/public/assets/mock-data-D99eytJ7.js                                      4.68 kB Γöé gzip:   1.58 kB
.output/public/assets/agents-DYV9syfs.js                                         7.13 kB Γöé gzip:   2.42 kB
.output/public/assets/settings-CRgiY9zN.js                                       8.67 kB Γöé gzip:   2.90 kB
.output/public/assets/policies-e6uua4db.js                                      12.27 kB Γöé gzip:   3.41 kB
.output/public/assets/dist-CfeB7PMQ.js                                          18.89 kB Γöé gzip:   4.34 kB
.output/public/assets/routes-U9I5MyqA.js                                        47.74 kB Γöé gzip:  14.20 kB
.output/public/assets/AppShell-20Nd8pT8.js                                     147.35 kB Γöé gzip:  48.07 kB
.output/public/assets/index-BWIZXOz-.js                                        346.81 kB Γöé gzip: 109.18 kB
.output/public/assets/VolumeChart-DMpoSDQC.js                                  349.59 kB Γöé gzip: 101.55 kB

[32mΓ£ô built in 5.21s[39m
[36mvite v8.0.16 [32mbuilding ssr environment for production...[36m[39m
[2K
transforming...Γ£ô 92 modules transformed.
rendering chunks...
computing gzip size...
node_modules/.nitro/vite/services/ssr/assets/plus-jakarta-sans-vietnamese-wght-normal-qRpaaN48.woff2    8.35 kB
node_modules/.nitro/vite/services/ssr/assets/inter-vietnamese-wght-normal-CBcvBZtf.woff2               10.25 kB
node_modules/.nitro/vite/services/ssr/assets/inter-greek-ext-wght-normal-DlzME5K_.woff2                11.23 kB
node_modules/.nitro/vite/services/ssr/assets/inter-cyrillic-wght-normal-DqGufNeO.woff2                 18.74 kB
node_modules/.nitro/vite/services/ssr/assets/inter-greek-wght-normal-CkhJZR-_.woff2                    18.99 kB
node_modules/.nitro/vite/services/ssr/assets/plus-jakarta-sans-latin-ext-wght-normal-DmpS2jIq.woff2    21.72 kB
node_modules/.nitro/vite/services/ssr/assets/inter-cyrillic-ext-wght-normal-BOeWTOD4.woff2             25.96 kB
node_modules/.nitro/vite/services/ssr/assets/plus-jakarta-sans-latin-wght-normal-eXO_dkmS.woff2        27.34 kB
node_modules/.nitro/vite/services/ssr/assets/inter-latin-wght-normal-Dx4kXJAl.woff2                    48.25 kB
node_modules/.nitro/vite/services/ssr/assets/inter-latin-ext-wght-normal-DO1Apj_S.woff2                85.06 kB
node_modules/.nitro/vite/services/ssr/assets/styles-B2MD88bR.css                                      100.16 kB Γöé gzip: 18.09 kB
node_modules/.nitro/vite/services/ssr/assets/empty-plugin-adapters-D9UWiqvJ.js                          0.22 kB Γöé gzip:  0.16 kB
node_modules/.nitro/vite/services/ssr/assets/start-Ok9K6Nid.js                                          0.64 kB Γöé gzip:  0.39 kB
node_modules/.nitro/vite/services/ssr/assets/createStart-Dt05N14y.js                                    1.65 kB Γöé gzip:  0.57 kB
node_modules/.nitro/vite/services/ssr/assets/_tanstack-start-manifest_v-CcPzf1qK.js                     2.81 kB Γöé gzip:  0.67 kB
node_modules/.nitro/vite/services/ssr/index.js                                                          3.41 kB Γöé gzip:  1.46 kB
node_modules/.nitro/vite/services/ssr/assets/VolumeChart-CIcSN_Lk.js                                    4.39 kB Γöé gzip:  1.39 kB
node_modules/.nitro/vite/services/ssr/assets/insights-C2tetvgg.js                                       4.40 kB Γöé gzip:  1.78 kB
node_modules/.nitro/vite/services/ssr/assets/ledger-C2QQRMJU.js                                         6.06 kB Γöé gzip:  1.94 kB
node_modules/.nitro/vite/services/ssr/assets/mock-data-ByXTsE3k.js                                      6.32 kB Γöé gzip:  1.76 kB
node_modules/.nitro/vite/services/ssr/assets/router-D9lLFoao.js                                         8.33 kB Γöé gzip:  2.46 kB
node_modules/.nitro/vite/services/ssr/assets/agents-C_gUBP5y.js                                         9.93 kB Γöé gzip:  2.75 kB
node_modules/.nitro/vite/services/ssr/assets/settings-B4_4l7Pf.js                                      11.03 kB Γöé gzip:  2.95 kB
node_modules/.nitro/vite/services/ssr/assets/AppShell-Cpmo5dLX.js                                      16.59 kB Γöé gzip:  4.65 kB
node_modules/.nitro/vite/services/ssr/assets/policies-Bj9F8kMo.js                                      17.01 kB Γöé gzip:  3.90 kB
node_modules/.nitro/vite/services/ssr/assets/routes-BBSfUBVV.js                                        51.46 kB Γöé gzip: 10.86 kB
node_modules/.nitro/vite/services/ssr/assets/server-Cc_DEhwO.js                                        58.69 kB Γöé gzip: 15.11 kB

[32mΓ£ô built in 1.31s[39m

[90m[[90mnitro[90m][39m [35mΓùÉ[39m Building [[35mNitro[39m] [2m(preset: [36mcloudflare-module[39m, compatibility: [36m2026-07-05[39m)[22m
[90m[[90mnitro[90m][39m [32mΓ£ö[39m Generated public [36m.output/public[39m
[36mvite v8.0.16 [32mbuilding nitro environment for production...[36m[39m

[43m[30m WARN [39m[49m [36minlineDynamicImports[39m option is ignored 
because the [36mcodeSplitting[39m option is specified.

[2K
transforming...Γ£ô 2957 modules transformed.
rendering chunks...
computing gzip size...
.output/server/_ssr/empty-plugin-adapters-D9UWiqvJ.mjs    0.23 kB Γöé gzip:   0.16 kB
.output/server/_libs/clsx.mjs                             0.55 kB Γöé gzip:   0.31 kB
.output/server/_chunks/ssr-renderer.mjs                   0.60 kB Γöé gzip:   0.36 kB
.output/server/_libs/react-is.mjs                         0.67 kB Γöé gzip:   0.35 kB
.output/server/_ssr/start-Ok9K6Nid.mjs                    0.69 kB Γöé gzip:   0.42 kB
.output/server/_libs/hookable.mjs                         1.16 kB Γöé gzip:   0.51 kB
.output/server/_ssr/createStart-Dt05N14y.mjs              1.56 kB Γöé gzip:   0.57 kB
.output/server/_runtime.mjs                               1.66 kB Γöé gzip:   0.75 kB
.output/server/_libs/zustand.mjs                          1.91 kB Γöé gzip:   0.71 kB
.output/server/_tanstack-start-manifest_v-CcPzf1qK.mjs    2.87 kB Γöé gzip:   0.70 kB
.output/server/_libs/d3-path.mjs                          3.24 kB Γöé gzip:   1.16 kB
.output/server/_ssr/ssr.mjs                               3.34 kB Γöé gzip:   1.46 kB
.output/server/_ssr/insights-C2tetvgg.mjs                 4.94 kB Γöé gzip:   1.86 kB
.output/server/_libs/d3-interpolate.mjs                   5.02 kB Γöé gzip:   1.61 kB
.output/server/_ssr/VolumeChart-CIcSN_Lk.mjs              5.21 kB Γöé gzip:   1.49 kB
.output/server/_ssr/mock-data-ByXTsE3k.mjs                6.37 kB Γöé gzip:   1.79 kB
.output/server/_libs/react-redux+[...].mjs                6.45 kB Γöé gzip:   2.02 kB
.output/server/_ssr/ledger-C2QQRMJU.mjs                   7.12 kB Γöé gzip:   2.05 kB
.output/server/_libs/d3-array.mjs                         8.04 kB Γöé gzip:   2.25 kB
.output/server/_libs/eventemitter3.mjs                    8.32 kB Γöé gzip:   2.04 kB
.output/server/_ssr/router-D9lLFoao.mjs                   8.71 kB Γöé gzip:   2.53 kB
.output/server/_libs/h3-v2+srvx.mjs                       9.72 kB Γöé gzip:   3.01 kB
.output/server/_libs/d3-color.mjs                        10.35 kB Γöé gzip:   3.57 kB
.output/server/_libs/d3-format.mjs                       10.58 kB Γöé gzip:   3.02 kB
.output/server/_ssr/agents-C_gUBP5y.mjs                  11.48 kB Γöé gzip:   2.89 kB
.output/server/_libs/tanstack__history.mjs               12.09 kB Γöé gzip:   3.48 kB
.output/server/_ssr/settings-B4_4l7Pf.mjs                13.10 kB Γöé gzip:   3.10 kB
.output/server/_libs/h3+rou3+srvx.mjs                    14.21 kB Γöé gzip:   4.23 kB
.output/server/index.mjs                                 15.68 kB Γöé gzip:   4.56 kB
.output/server/_ssr/AppShell-Cpmo5dLX.mjs                18.01 kB Γöé gzip:   4.76 kB
.output/server/_ssr/policies-Bj9F8kMo.mjs                18.98 kB Γöé gzip:   4.05 kB
.output/server/_libs/d3-shape.mjs                        20.69 kB Γöé gzip:   4.11 kB
.output/server/_libs/sonner.mjs                          22.72 kB Γöé gzip:   4.95 kB
.output/server/_libs/decimal.js-light.mjs                23.25 kB Γöé gzip:   6.88 kB
.output/server/_libs/lucide-react.mjs                    23.91 kB Γöé gzip:   4.90 kB
.output/server/_libs/react+tanstack__react-query.mjs     24.14 kB Γöé gzip:   6.15 kB
.output/server/_ssr/server-Cc_DEhwO.mjs                  56.88 kB Γöé gzip:  14.95 kB
.output/server/_ssr/routes-BBSfUBVV.mjs                  57.49 kB Γöé gzip:  11.07 kB
.output/server/_libs/d3-scale+[...].mjs                  58.24 kB Γöé gzip:  12.10 kB
.output/server/_libs/es-toolkit.mjs                      59.96 kB Γöé gzip:  13.58 kB
.output/server/_libs/@reduxjs/toolkit+[...].mjs          62.15 kB Γöé gzip:  16.01 kB
.output/server/_libs/tanstack__query-core.mjs            65.73 kB Γöé gzip:  13.89 kB
.output/server/_libs/@tanstack/router-core+[...].mjs     79.38 kB Γöé gzip:  19.97 kB
.output/server/_libs/framer-motion.mjs                  378.76 kB Γöé gzip:  98.85 kB
.output/server/_libs/recharts+victory-vendor.mjs        587.60 kB Γöé gzip: 123.95 kB
.output/server/_libs/@tanstack/react-router+[...].mjs   661.75 kB Γöé gzip: 139.30 kB

[32mΓ£ô built in 2.27s[39m
[90m[[90mnitro[90m][39m [36mΓä╣[39m Using auto generated worker name: [36mtanstack-start-ts[39m
[36mΓä╣[39m Generated [36m.output/server/wrangler.json[39m
[36mΓä╣[39m Generated [36m.wrangler/deploy/config.json[39m
[36mΓä╣[39m Generated [36m.output/public/_headers[39m
[36mΓä╣[39m Generated [36m.output/nitro.json[39m

[90m[[90mnitro[90m][39m [32mΓ£ö[39m You can preview this build using [36mnpx vite preview[39m
[90m[[90mnitro[90m][39m [32mΓ£ö[39m You can deploy this build using [36mnpx nitro deploy --prebuilt[39m
